[www.avataar.ai/index.html]
[backblue.gif]
[fade.gif]
[index.html]
[uploads-ssl.webflow.com/63401dfb6edad1c1702f685c/css/avataar-new.webflow.8984dbaa2.min.css]
[ajax.googleapis.com/ajax/libs/webfont/1.6.26/webfont.js]
[uploads-ssl.webflow.com/63401dfb6edad1c1702f685c/637c8df7106afaa98cea2f17_Avataar Favicon.png]
[uploads-ssl.webflow.com/63401dfb6edad1c1702f685c/637c8dfa3b334ed062cbf20a_Avataar Webclip.png]
[web2.avataar.me/JS/iframe.js]
[www.avataar.ai/enterprise.html]
[www.avataar.ai/blog.html]
[www.avataar.ai/about.html]
[www.avataar.ai/press.html]
[www.avataar.ai/careers.html]
[uploads-ssl.webflow.com/63401dfb6edad1c1702f685c/6391845d64bf268c1a761ba6_Khronos.png]
[uploads-ssl.webflow.com/63401dfb6edad1c1702f685c/6391845de08470ea6c8090a4_MSF_500px_June22-1 1.png]
[uploads-ssl.webflow.com/60ecaf84ad186a24fff47efe/6288d70f17f8bb35463c7785_Inc. 5000 Color Medallion Logo.png]
[uploads-ssl.webflow.com/60ecaf84ad186a24fff47efe/62a1e03c8d7ae54d31240e9b_2d color 1.png]
[d3e54v103j8qbb.cloudfront.net/js/jquery-3.5.1.min.dc5e7f18c819a5.js]
[uploads-ssl.webflow.com/63401dfb6edad1c1702f685c/js/webflow.978942ba1.js]
[snap.licdn.com/li.lms-analytics/insight.min.js]
[www.avataar.ai/index.html]
[uploads-ssl.webflow.com/63401dfb6edad1c1702f685c/css/avataar-new.webflow.8984dbaa2.min.css]
[www.googletagmanager.com/gtm5445.html]
[uploads-ssl.webflow.com/60ecaf84ad186a24fff47efe/60f53dcdb1e2f254643bfffc_Group 4.jpg]
[uploads-ssl.webflow.com/60ecaf84ad186a24fff47efe/60f8d59c8582235c711c4228_Group 2.png]
[uploads-ssl.webflow.com/60ecaf84ad186a24fff47efe/60f8d59c5e19214ae111d5d1_Group 3.png]
[uploads-ssl.webflow.com/60ecaf84ad186a24fff47efe/60f7e840bb769ae15fc1623a_proposition04 1 (1).png]
[uploads-ssl.webflow.com/60ecaf84ad186a24fff47efe/60f7e815d833e91a40058c34_tap to place02 1.png]
[uploads-ssl.webflow.com/60ecaf84ad186a24fff47efe/6104430c965ad04d5b1a0b27_Propistion Wire.png]
[www.avataar.ai/enterprise.html]
[www.avataar.ai/blog-category/tech.html]
[www.avataar.ai/blog-category/webinar.html]
[www.avataar.ai/blog-category/podcast.html]
[www.avataar.ai/blog-category/expert-opinion.html]
[www.avataar.ai/blog/augmented-reality-vs-virtual-reality-which-is-best-for-your-ecommerce-business.html]
[uploads-ssl.webflow.com/6363927cadc09d0ed60ee39a/637f366d1f159934459f1082_AR-VS-VR-02.png]
[www.avataar.ai/blog/augmented-reality-in-ecommerce.html]
[uploads-ssl.webflow.com/6363927cadc09d0ed60ee39a/637ca3bc0a9b3c73ea10c8bf_6306530badab0fdfa4cc7da0_unnamed1.jpg]
[www.avataar.ai/blog/augmented-reality-in-retail-examples.html]
[uploads-ssl.webflow.com/6363927cadc09d0ed60ee39a/637ca3c04c2204cf0b069a59_630653966a5826d6c3c85b0a_unnamed4.jpg]
[www.avataar.ai/blog/democratizing-ar-making-3d-scalable-and-accessible.html]
[uploads-ssl.webflow.com/6363927cadc09d0ed60ee39a/637ca3c141002a7719d1be30_6322ecd89eef94bdf742d5f4_2d-vs-3d.jpg]
[www.avataar.ai/blog/avataars-3d-interactive-ar-solution.html]
[uploads-ssl.webflow.com/6363927cadc09d0ed60ee39a/637ca3c190d57338f80a7c93_6307a03cce90195efb4e42db_avataar_shopify-banner-05-1600-900.png]
[www.avataar.ai/blog/increase-ecommerce-store-sales.html]
[uploads-ssl.webflow.com/6363927cadc09d0ed60ee39a/637ca3c2bcac19efb4d22fdc_631ed9c5fddd920b3056a50c_Thanksgiving_barbeque%20grill_opt%201.jpg]
[www.avataar.ai/blog/webar-virtual-world-stepping-stone.html]
[uploads-ssl.webflow.com/6363927cadc09d0ed60ee39a/637ca3c37744ca7c52a7827c_6347f4485b37f560d55ce6c7_blog-webar-image.png]
[www.avataar.ai/blog/hype-behind-the-metaverse.html]
[uploads-ssl.webflow.com/6363927cadc09d0ed60ee39a/637ded4fcdf4db3fc61929a3_Facts and hype of metaverse.png]
[www.avataar.ai/blog/winning-with-shopify.html]
[uploads-ssl.webflow.com/6363927cadc09d0ed60ee39a/637decaf8f6e3bc5fc3626c8_Winning with Shopify.png]
[www.avataar.ai/blog/3d-content-creation-ar-experiences.html]
[uploads-ssl.webflow.com/6363927cadc09d0ed60ee39a/637ca3bf611eae157f95d2e5_634ed640fc477a2c204f7750_BLog4.1.png]
[www.avataar.ai/blog/stepping-into-metaverse-powered-future.html]
[uploads-ssl.webflow.com/6363927cadc09d0ed60ee39a/637decf22850db0eb385f166_Stepping into Metaverse.png]
[www.avataar.ai/blog.html]
[uploads-ssl.webflow.com/60ecaf84ad186a24fff47efe/6263f3f648abd127358392cc_About Us image.png]
[uploads-ssl.webflow.com/6363927cadc09d0ed60ee39a/6363947e8401f1046cb96b67_61082af35fd36731048be55a_SA b&W.jpg]
[uploads-ssl.webflow.com/6363927cadc09d0ed60ee39a/6363948d7b868aa1807ba1b7_62ecd3431aa252046efd0733_GB.jpg]
[uploads-ssl.webflow.com/6363927cadc09d0ed60ee39a/63639433cda5ce3de672f8b5_61d43479e382b4eec399437b_dan.jpg]
[uploads-ssl.webflow.com/6363927cadc09d0ed60ee39a/6363942a788bd0a3ec40f9f5_6220fcbbd416bb45b5885c46_Amreeta Mazumdar.jpg]
[uploads-ssl.webflow.com/6363927cadc09d0ed60ee39a/6363945be987e8f6616814d4_62ecd3a0318c0b6dd88e1ec5_parikshit.jpg]
[uploads-ssl.webflow.com/6363927cadc09d0ed60ee39a/636394177b868aac467b9bc7_622b2dc0c017c4376f552223_raman.jpg]
[uploads-ssl.webflow.com/6363927cadc09d0ed60ee39a/63639404e9afcda326ca2414_622b2d8115603d122a5de71f_surabhi.jpg]
[uploads-ssl.webflow.com/6363927cadc09d0ed60ee39a/636393f556b74f4434acf130_62ecd3ed6529ce2bb733b377_abhinav.jpg]
[uploads-ssl.webflow.com/6363927cadc09d0ed60ee39a/636393c462f1decf227ea318_62ecd4116529ce359633e699_shubham.jpg]
[uploads-ssl.webflow.com/6363927cadc09d0ed60ee39a/636394667b868a42cf7b9f32_61082b5915e6e24db7be365f_PA B&W.jpg]
[uploads-ssl.webflow.com/6363927cadc09d0ed60ee39a/63639470152773380074429c_61082b64dfd021c221f14744_sahilesh B&w01.jpg]
[uploads-ssl.webflow.com/6363927cadc09d0ed60ee39a/6363942139de97749b67f35d_622883d5f6a00973c7cfe5c1_Chung.jpg]
[uploads-ssl.webflow.com/6363927cadc09d0ed60ee39a/6363943b279eb311d1ee8d90_613f9afb36d4da1801620505_john.png]
[uploads-ssl.webflow.com/6363927cadc09d0ed60ee39a/6363949d052c8872de2edca4_61082b7d1b3d7c2ae20f07b1_tim.jpg]
[www.avataar.ai/about.html]
[www.avataar.ai/press-category/press.html]
[uploads-ssl.webflow.com/6363927cadc09d0ed60ee39a/637cf35ccdeaad070c175a51_61d80aee45a71f971dc1417a_Screenshot%202022-01-07%20at%203.11.46%20PM.png]
[uploads-ssl.webflow.com/6363927cadc09d0ed60ee39a/637cf35a116aa18dbccabd0c_62b1a37fc466d97bc433f722_xr%20today03.jpg]
[uploads-ssl.webflow.com/6363927cadc09d0ed60ee39a/637cf35b23bc331301ee4a7f_62c42451cd8c0d2b3e28fd00_khronos-2.png]
[www.avataar.ai/press-category/events-awards.html]
[uploads-ssl.webflow.com/6363927cadc09d0ed60ee39a/637cf35ad502559586f886fd_629dc9770c5b11cc3df60785_KelseyFloyd_AuggieAwards_Edits_web_008.jpg]
[uploads-ssl.webflow.com/6363927cadc09d0ed60ee39a/637cf35dc0f8f30f02ea13da_631093cf7fe239bb7e9d030b_innovqation%20award.jpg]
[www.avataar.ai/press-category/news.html]
[uploads-ssl.webflow.com/6363927cadc09d0ed60ee39a/637cf35af6725d6fa22481ed_633aa247447d0e3bd706d630_02.jpg]
[uploads-ssl.webflow.com/6363927cadc09d0ed60ee39a/637cf35d12a1582db63b2cad_633aa53f3333cf8f5836da03_03.jpg]
[www.avataar.ai/press.html]
[www.avataar.ai/careers.html]
[snap.licdn.com/li.lms-analytics/insight.min.js]
[www.avataar.ai/blog-category/tech.html]
[www.avataar.ai/blog-category/webinar.html]
[www.avataar.ai/blog-category/podcast.html]
[www.avataar.ai/blog-category/expert-opinion.html]
[cdn.jsdelivr.net/npm/@finsweet/attributes-toc@1/toc.js]
[cdn.jsdelivr.net/npm/@finsweet/attributes-socialshare@1/socialshare.js]
[uploads-ssl.webflow.com/6363927cadc09d0ed60ee39a/638899458ac4bc0f49dfac8f_300.png]
[uploads-ssl.webflow.com/6363927cadc09d0ed60ee39a/637dfe32c03d7322b49763b2_chair-AR-image-place-03.png]
[uploads-ssl.webflow.com/6363927cadc09d0ed60ee39a/637dfe83cd90337c4c10b8f0_credit image_01.png]
[www.avataar.ai/blog/augmented-reality-vs-virtual-reality-which-is-best-for-your-ecommerce-business.html]
[uploads-ssl.webflow.com/6363927cadc09d0ed60ee39a/6363a400018ea6f6559cd878_630653144aec4e726d92ef04_HoL3zyHoxs8azS76huYdEoYQxDTlFnFLLfezGLMTEVgK7OHETupV16vM0YTY4AB-mSgmcL6IviSQKeRvPD8uxUQV8aEVzS6coStRrtslKTg4hPEj6hm]
[uploads-ssl.webflow.com/6363927cadc09d0ed60ee39a/6363a400018ea67a309cd87a_630653144aec4e7fc592ef05_q7bWE2EOa5icYFS4D0fCFKGrjOd5yiPpYVP-rGqSt1R4-AKxDUA3Y0IpPEwLTlKLpu9HJUnKIkmdDPD9d1kG1MOoK4EnXpI9KgsYU10W71vHRGbq4rx]
[www.avataar.ai/blog/augmented-reality-in-ecommerce.html]
[uploads-ssl.webflow.com/6363927cadc09d0ed60ee39a/6363a400018ea612589cd87b_63065314b2b73472a2ba6191_j-N_JDuOy5CCMGhP4F9FiMXf-4VAqn9G67wlpeh-x5Vjqzqh2VbDKncYgzLFzw_MZtPhPg8-JaV2hOrVI6BFsilX0nkrRYYh23qIfnxlO-m47C9MlBF]
[uploads-ssl.webflow.com/6363927cadc09d0ed60ee39a/6363a400018ea623839cd879_6306531488cfb66820542cf9_ors-CVwRiTU2ovWnwr7MoCGXP4hfmi04cyebi1DwfZaUrNJSxR5szAaPzmsEgsIYKLBpeqMeVEfFoxhL5bpB5mLv_DI3Ugas3jZZ3sdXRc__7A7TRfe]
[www.avataar.ai/blog/augmented-reality-in-retail-examples.html]
[uploads-ssl.webflow.com/6363927cadc09d0ed60ee39a/6363a4004e99eab75fd4c109_6306539ef3e6d1adb8fc56e9_xnR2TypeXLgWcQY4NSE7_hz8i2YfIltR5bUHqNGKZT7OiNX7qXKVOco2VDlftV-2oyd-OgMSl5EvlsR1N5S9MI9zCyho2rbdjX-UFGyjPDcjv4tDegn]
[www.avataar.ai/blog/democratizing-ar-making-3d-scalable-and-accessible.html]
[uploads-ssl.webflow.com/6363927cadc09d0ed60ee39a/6363a4004e99ea09dad4c106_6306539e63d20143cbfd53bf_jWBIOe-R3dd8BkWlNgZ8vQuVjvkdR_b_emd71MRRnzrg_TA-W_ekyRo0_NJArjtiqphzvGRfE0l3BL3OsMTaNiOEWnUWLnNOB5MsnBwUOceQmLxZxyi]
[uploads-ssl.webflow.com/6363927cadc09d0ed60ee39a/6363a3ff4e99ea344fd4c104_6306539e23190b32d7f57a63_3FEM_dDojDU4P7-BcgSyrMYTtMmwdQ4dmbkSsZbgXd_ryIl_kVbxP91Bsn9qrBahGSmM4RSRHRLCT1bxhX5kJrUoaRZDV-aNSi3Y__OBvl7H5ab32MI]
[www.avataar.ai/blog/avataars-3d-interactive-ar-solution.html]
[uploads-ssl.webflow.com/6363927cadc09d0ed60ee39a/6363a4004e99ea1845d4c107_6306539e92d0ad110579057d_x8u6h_T_eI1lG8L89spQzAlLk3FNP_BQtfiUKh4Lr8OztQKdMtR6fCq_lYXcVV10a3IAF5UsYiKOiHEr2ZCtaQq-JwR47m-08_YWe_htJR7VOhjL5LH]
[uploads-ssl.webflow.com/6363927cadc09d0ed60ee39a/6363a4004e99ea5197d4c105_6306539e421c4906f70780b2_GPm9Fk9TW6N4vb2JtBAweFvaHv4pTC9CRj75gEuKMemwbmQzw92f2KwlCHar-3gSMZZLsUzDlGunUU7wh1V2FKcDgkFCi-LGeoMgFpDymNoOwkiKyQ8]
[www.avataar.ai/blog/increase-ecommerce-store-sales.html]
[uploads-ssl.webflow.com/6363927cadc09d0ed60ee39a/6363a4004e99eaf1edd4c108_6306539fa57df16b75cdbbc0__wvXkCUeOvhySxqWz180NS4fi35_WmMizuFRju18CWte4-t8WqeWCooKK2szjlRYO7OZX-s1f5l0ErUH1RMsxXl3O-Owb-tP3GQA9FW0e_OEvd-Eya4]
[www.avataar.ai/blog/webar-virtual-world-stepping-stone.html]
[uploads-ssl.webflow.com/6363927cadc09d0ed60ee39a/6363a400018ea609739cd877_63079e7e5ae43bcdafb1cea7_RJ0FjrQeiwn2o3U871wY203t4kEz5fMXLeMiDyWtAwdt2dqoRJwBr9ZgzgOdok1cFYr59owo8qesjEA-qdyg9-mJYBW0xqUckDVDA3rsL51BIaZZ1Nc]
[uploads-ssl.webflow.com/6363927cadc09d0ed60ee39a/6363a400018ea669df9cd875_63079e7e88a6bde132efd65f_kO0I0S2wToj_OLKEmsh8JymJ6EciGxBZkPUmfqTvUxek4Y3b-K8eRyL0b3T6yaUdHhIj28dztv88hXFluQj7s1JM1WITARo7QmDX_6SsMXNiprfaayx]
[uploads-ssl.webflow.com/6363927cadc09d0ed60ee39a/6363a400018ea6882e9cd874_63079e7f9adfac4d488e1cd0_lEsAQtmWePkgZ-W63cMhUAEe6NsBK3aOIpKvWPdgKd0E9tnZDWHUDmcwsfUaI6Wh-dkQCDkEgzlo9kzLuwJj6YoQnlLH1oJ8j9csfhtifDzQ26CslTL]
[uploads-ssl.webflow.com/6363927cadc09d0ed60ee39a/6363a402f6fbef20c532728b_631ed9a311a5ace4e5c9cfd7_BVJKJfDEhRvGMZ8fU3Ctg566o-tpsRTeh5QCoZn8oNz6ZAZ0aJ8VyT29SIppdleVznFkEWGAqeNUsH60JbidiaZA78a5ygSPZzHBJyigStIUfhrGCRG]
[uploads-ssl.webflow.com/6363927cadc09d0ed60ee39a/6363a400e55e3982494d068e_6324061ee1c3a6ad671549f3_3D-to-AR_Suit_Open_Close%202.gif]
[www.avataar.ai/blog/hype-behind-the-metaverse.html]
[uploads-ssl.webflow.com/6363927cadc09d0ed60ee39a/6363a402f6fbeffd3e32728e_631ed9a4ad7a068e78c9c620_DhA6-0jBiB2DfkTJRYLHJ1ulM0k6af0_4v83Lguqx75gGuEDJvFt0VPvWoQXeAK7I80MWFVDhi4gqZRGEKSi8rR_C-Pb4HVRwRMP1ii0u6EomaHQBfz]
[uploads-ssl.webflow.com/6363927cadc09d0ed60ee39a/6363a402f6fbef07c832728f_631ed9a481f607726029d12f_GrMfR5dau6uPjqPQWQFHD12hcEDK11sdn-pUw7bCi7X-6mMyy2fUG1EeZSku0wHtuZGnD-tQhJH9VQ3nOVWJRp72pX3YttvP1-qODaoOgkfg3do-PdC]
[uploads-ssl.webflow.com/6363927cadc09d0ed60ee39a/6363a402f6fbef7ef032728d_631ed9a54042905694ac672f_l_IWQq9uhQQf7xwoxcEi_pmawkhCODF4TRv8ZE-rMmf4ccn4lM4N-v2v3ZG8oaQagSWRWz7o3U33pFbJdJxEK3kLtPE2H1S9MhyaHkpLYJQjuU9pd8T]
[www.avataar.ai/blog/winning-with-shopify.html]
[uploads-ssl.webflow.com/6363927cadc09d0ed60ee39a/6363a402f6fbef2dfb32728c_631ed9a481f607ac0b29d130_7txqpd3M0bvja28ZlUmNf7gyB7ArYy_f_VPK4VvCUAe_eSwzMDdhKhaAtA1HWYmD8ijHe6ynGV1GP3Jvp0RPdwBSDlLbtyOeQ9TDh5_90-b7fP4iVWY]
[www.avataar.ai/blog/3d-content-creation-ar-experiences.html]
[www.avataar.ai/blog/stepping-into-metaverse-powered-future.html]
[uploads-ssl.webflow.com/6363927cadc09d0ed60ee39a/6363a402507f44df1f49ecc8_635f6ae73ea93577ea122d26_oAiQ2xVkhTMAjH23Oy5GZrEzaM0F_h7_B6T6CTOj3pHWfaNJqkOdG0qroROQ40Ch3ND3V1Lxf2PsFIYTux-kLU8_INocecmRiXSyma8qz54A30YEeND]
[uploads-ssl.webflow.com/6363927cadc09d0ed60ee39a/6363a402507f447dde49ecc9_635f6ae83ea9355b88122d5e_DHtSyKI2FjZmHHthzDnF8vqh-5B5WFXU20Rpv9v265fyVAHX7kTAsQbcolike1szY44XRQzVwuju7h9yYHdZtMYy7zt5d_ABB7LWrptlnB4lLvBdvF4]
[uploads-ssl.webflow.com/6363927cadc09d0ed60ee39a/6363a402507f4498f549ecca_635f6ae861099e022435808a_lhn7js3K_bT3-X0th_VRCV76DeQABbP9il0-rrASDfdJRTTxwmnKQKCsS7LBZ_I_4QNUkU5jNFcizVeVBeSW67TXy-pajxypU0QjIp3JSBhJIMCxVPn]
[www.avataar.ai/press/avataar-launches-3d-ar-tool-at-awe-2022-xr-today.html]
[uploads-ssl.webflow.com/6363927cadc09d0ed60ee39a/637cf35ceaebe1802781b4d6_610a5c38565cd49299422715_Screenshot%202021-08-04%20at%202.51.13%20PM.png]
[www.avataar.ai/press-category/press.html]
[uploads-ssl.webflow.com/6363927cadc09d0ed60ee39a/637cf35adcf2493490b08678_62ecb280f37bfd5b95b42af3_AI_100.jpg]
[uploads-ssl.webflow.com/6363927cadc09d0ed60ee39a/637cf35b27b72d803319cee1_62ecb3c0e1735166030f5090_AI_100-2.jpg]
[www.avataar.ai/press-category/events-awards.html]
[www.avataar.ai/press/bloomberg-intelligence-tech-disruptors-podcast.html]
[www.avataar.ai/press/winning-with-shopify-podcast.html]
[www.avataar.ai/press/xr-summit-2022-webar-the-stepping-stone-to-the-virtual-world.html]
[www.avataar.ai/press/venturebeat-how-ar-is-changing-consumer-psychology.html]
[uploads-ssl.webflow.com/6363927cadc09d0ed60ee39a/637cf35deaebe1315581b4eb_62c42173c11230c79869d06a_banner_venturebeat_2.png]
[uploads-ssl.webflow.com/6363927cadc09d0ed60ee39a/637cf35a5876b40a4e46c55e_62eca80385795e8216f6b8d6_Headless_Sofa_mobilescreen3-2%20(1).jpg]
[uploads-ssl.webflow.com/6363927cadc09d0ed60ee39a/637cf35a6bd281207556f9a4_626fd73e94715d6371f786ee_press_banner.png]
[uploads-ssl.webflow.com/6363927cadc09d0ed60ee39a/637cf35d8a3e8e214cccda29_62553634c015c85c64179d81_newsletter04.jpg]
[uploads-ssl.webflow.com/6363927cadc09d0ed60ee39a/637cf35c42d5bd3edb9b3f43_6220a892bf1356196081e228_PYMNT%20Thumbnail.jpg]
[uploads-ssl.webflow.com/6363927cadc09d0ed60ee39a/637cf35c1e970c2cca19cb23_623abdfd7f7eea58b9960be6_newsletter02.jpg]
[uploads-ssl.webflow.com/6363927cadc09d0ed60ee39a/637cf35c23bc33dbecee4a9a_62bd3acf4cd029812a7901a2_mt_mma.jpg]
[uploads-ssl.webflow.com/6363927cadc09d0ed60ee39a/637cf35b5532d4578a3762d2_621cb0649248f252e7791d5e_podcast_02.jpg]
[uploads-ssl.webflow.com/6363927cadc09d0ed60ee39a/637cf35b43d8ef8ad81212f0_6194c9fb32c886d8aaceae03_podcast.jpg]
[www.avataar.ai/press/et-prime.html]
[uploads-ssl.webflow.com/6363927cadc09d0ed60ee39a/637cf35b116aa1e58fcabd13_6151cc91c2faec21bb365423_03.jpg]
[www.avataar.ai/press/et-auto.html]
[www.avataar.ai/press-category/news.html]
[reveal.ip2c.net/8418760.js]
[www.avataar.ai/shopify]
[www.avataar.ai/bigcommerce]
[www.avataar.ai/press/avataar-launches-3d-ar-tool-at-awe-2022-xr-today.html]
[www.avataar.ai/press/bloomberg-intelligence-tech-disruptors-podcast.html]
[www.avataar.ai/press/winning-with-shopify-podcast.html]
[www.avataar.ai/press/xr-summit-2022-webar-the-stepping-stone-to-the-virtual-world.html]
[www.avataar.ai/press/venturebeat-how-ar-is-changing-consumer-psychology.html]
[www.avataar.ai/press/et-prime.html]
[www.avataar.ai/press/et-auto.html]
[www.avataar.ai/contact-us]
[www.avataar.ai/privacy-policy]
[www.avataar.ai/blog-category/augmented-reality]
[www.avataar.ai/oribili.js]
[www.avataar.ai/headless]
[www.avataar.ai/press/techcrunch-funding-news]
[www.avataar.ai/press/metaverse-standards-forum-avataars-inclusion-in-the-founding-team]
[www.avataar.ai/press/samsung-virtual-shopping-experience.html]
[www.avataar.ai/press/13th-annual-auggie-awards-awe-2022]
[www.avataar.ai/press/awe-2022-keynote-introducing-contextual-reality.html]
[www.avataar.ai/press/techplus-media-cxo-tech-innovation-award-2022]
[www.avataar.ai/press/cb-insights-top-100-ai-companies]
[www.avataar.ai/press/awe-2022-retail-stage-talk-making-3d-scalable-and-accessible-for-everyone]
[www.avataar.ai/press/cb-insights-top-100-retail-tech-startups]
[www.avataar.ai/press/bizztalk-top-business-growth-leader-2022]
[www.avataar.ai/press/cnbc-asia-future-of-the-metaverse]
[www.avataar.ai/press/ar-insider-democratizing-ar-with-nerf.html]
[www.avataar.ai/press/metaverse-tedxtalk]
[www.avataar.ai/press/authority-magazine-how-to-go-from-idea-to-launch]
[www.avataar.ai/press/xr-today-building-ar-experiences-in-retail.html]
[www.avataar.ai/press/pymnts-3d-ar-finds-a-home-in-furniture-sales.html]
[www.avataar.ai/press/mma-democratize-your-product-in-the-end-user-era]
[www.avataar.ai/press/mma-reimagining-visual-discovery-for-consumers]
[www.avataar.ai/press/pcquest-current-future-application-of-xr-tech]
[www.avataar.ai/press/forbes-india-daily-tech-conversation]
[www.avataar.ai/press/fb-accelerator-ar]
[www.avataar.ai/press/evolution-of-brand-experiences-in-a-phygital-world]
[www.avataar.ai/press/newsx-power-of-ar-vr]
